// Jest Snapshot v1, https://goo.gl/fbAQLP

exports[`Should render Edit expense Page correctly 1`] = `
<div>
  <ExpenseForm
    expense={
      Object {
        "amount": 6,
        "createdAt": -345600000,
        "description": "Gas",
        "id": "2",
        "note": "",
      }
    }
    onSubmit={[Function]}
  />
  <button
    onClick={[Function]}
  >
    Remove
  </button>
</div>
`;
