// Jest Snapshot v1, https://goo.gl/fbAQLP

exports[`should render Header correctly 1`] = `
<div>
  <h1>
    Expensify
  </h1>
  <h2>
    <NavLink
      activeClassName="is-active"
      ariaCurrent="true"
      exact="true"
      to="/"
    >
      DashBoard 
    </NavLink>
    <NavLink
      activeClassName="is-active"
      ariaCurrent="true"
      to="/create"
    >
      Create Expense
    </NavLink>
    <NavLink
      activeClassName="is-active"
      ariaCurrent="true"
      to="/help"
    >
       Help
    </NavLink>
  </h2>
</div>
`;
